Hello, JavaScript!
sum = 55
6765
[ 25, 4, 81, 1 ]
[ 5, 9 ]
17
[ 1, 2, 5, 9 ]
5-2-9-1
25 (3, 4)
9
{ a: 1, b: 'two', c: [ 3, 4 ], d: { e: 5 } }
[ 'a', 'b', 'c', 'd' ]
{"a":1,"b":"two","c":[3,4],"d":{"e":5}}
{ x: 1, y: [ 2, 3 ] }
4 3
1 two
5 [ 2, 9, 1 ]
number string boolean undefined object
true false true false
3.5 1 1024
0.30000000000000004
ABC [ 'a', 'b', 'c' ] x
[ 1, 2, [ 3 ] ]
caught: boom
done
{ a: 3, b: 2, c: 1 }
11 3
