fib: 0, 1, 1, 2, 3, 5, 8, 13, 21, 34
sum: 25
fold: 25
squares: 25, 9, 81, 1, 49
big: 5, 9, 7
sorted: 1, 3, 5, 7, 9
length: 5
circle area: 12.566
rect area: 12.000
-5 is negative
0 is zero
3 is small
42 is large
point: 3, 4
curried: 15
upper: HELLO, OCAML
length: 12
sub: Hello
17 mod 5 = 2
concat: a-b-c
seven
